{
    "app": "public\/app.4476c5f869ee7584ba3c.js"
}
