- ../../bud_single_runtime/public/app.2.4476c5f869ee7584ba3c.css
