- editor/editor
- 'https://k.jo/public/editor.64da10a892a71df413b1.js'
-
    - wp-dom-ready
    - wp-edit-post
    - wp-blocks
- null
- true
