- app/app
- 'https://k.jo/public/app.64da10a892a71df413b1.js'
-
    - jquery
- null
- true
